#testcase: forwarders add-certificate --pem '-----BEGIN CERTIFICATE-----\nMIIDAzCCAeugAwIBAgIBATANBgkqhkiG9w0BAQsFADBCMQswCQYDVQQGEwJVUzEL\nMAkGA1UECBMCQ0ExDzANBgNVBAoTBlNwbHVuazEVMBMGA1UEAwwMZm9yd2FyZGVy\nXzAxMCAYDzAwMDEwMTAxMDAwMDAwWhcNMjUwMzA4MTc1MTQ3WjBCMQswCQYDVQQG\nEwJVUzELMAkGA1UECBMCQ0ExDzANBgNVBAoTBlNwbHVuazEVMBMGA1UEAwwMZm9y\nd2FyZGVyXzAxMIIBIjANBgkqhkiG9w0BAQEFAAOCAQ8AMIIBCgKCAQEA4jXOyIyU\nmYv50ZdCQuQcMYW7JjfJTkXw26P+uiBAsiRDvzR4nIxVExPBUIu7IwtXW1XbrajP\n0s5r0lJCqzq1Pvo1Xav2DbgdzKZjt8DaVYt3Zw0NwSaGoVkC3P1pCGkBkFSiabRr\nMFOGVyLNGwHCx/QfNKcJT4ZSagB+qqFyAFHHfh5bRHfp+Vg6MeSSdIaExtpLozd0\nqw4qGjpw1uJuJbsMhhbW9YfsgeN/RxcRcZdiX/+K7wQE9Amm5hAgVXEyvXnRvnwT\n3Fj9eH8RD9dXvJRDxL64lrdopAlETEP7xhj9J7qfWpinr0+znb+0tgnA7nym341B\n8VkVqtKaDHeaWwIDAQABowIwADANBgkqhkiG9w0BAQsFAAOCAQEANIyQuSp0srPq\nGfOOa3KLL7+5niYMArex+q9P7MARUi1ryfqtlZk3WVZrv24HgBDeu4o0/fo0zCXx\n0ZVS9olWYOi/+NIKIBmkDw9PAQBDNlaFz+yvXQutNU8F4xPQRHkAm9YnMvjX56Rb\nP4W3nl477Z53at1w715u6h7Kv//OBK9f8wGXWCANpVJmOPcrXXUr9AbEvFr7Dtzi\nnFiQDpHpgAZCUF1YKGM5tG/hVyVCcR11joqOE+H/xnnTySVE79XipSWFvzz9m5W4\nn1oDfWjOWJ4lBTlpsYKIRQRGs1grnJSMpZPHbohiK8s5MVPCEQB4I+/UrQV2TgkM\nZw4Vx3qyKA==\n-----END CERTIFICATE-----'
REQUEST URL:forwarders/v2beta1/certificates
REQUEST BODY:{{"pem":"-----BEGIN CERTIFICATE-----\nMIIDAzCCAeugAwIBAgIBATANBgkqhkiG9w0BAQsFADBCMQswCQYDVQQGEwJVUzEL\nMAkGA1UECBMCQ0ExDzANBgNVBAoTBlNwbHVuazEVMBMGA1UEAwwMZm9yd2FyZGVy\nXzAxMCAYDzAwMDEwMTAxMDAwMDAwWhcNMjUwMzA4MTc1MTQ3WjBCMQswCQYDVQQG\nEwJVUzELMAkGA1UECBMCQ0ExDzANBgNVBAoTBlNwbHVuazEVMBMGA1UEAwwMZm9y\nd2FyZGVyXzAxMIIBIjANBgkqhkiG9w0BAQEFAAOCAQ8AMIIBCgKCAQEA4jXOyIyU\nmYv50ZdCQuQcMYW7JjfJTkXw26P+uiBAsiRDvzR4nIxVExPBUIu7IwtXW1XbrajP\n0s5r0lJCqzq1Pvo1Xav2DbgdzKZjt8DaVYt3Zw0NwSaGoVkC3P1pCGkBkFSiabRr\nMFOGVyLNGwHCx/QfNKcJT4ZSagB+qqFyAFHHfh5bRHfp+Vg6MeSSdIaExtpLozd0\nqw4qGjpw1uJuJbsMhhbW9YfsgeN/RxcRcZdiX/+K7wQE9Amm5hAgVXEyvXnRvnwT\n3Fj9eH8RD9dXvJRDxL64lrdopAlETEP7xhj9J7qfWpinr0+znb+0tgnA7nym341B\n8VkVqtKaDHeaWwIDAQABowIwADANBgkqhkiG9w0BAQsFAAOCAQEANIyQuSp0srPq\nGfOOa3KLL7+5niYMArex+q9P7MARUi1ryfqtlZk3WVZrv24HgBDeu4o0/fo0zCXx\n0ZVS9olWYOi/+NIKIBmkDw9PAQBDNlaFz+yvXQutNU8F4xPQRHkAm9YnMvjX56Rb\nP4W3nl477Z53at1w715u6h7Kv//OBK9f8wGXWCANpVJmOPcrXXUr9AbEvFr7Dtzi\nnFiQDpHpgAZCUF1YKGM5tG/hVyVCcR11joqOE+H/xnnTySVE79XipSWFvzz9m5W4\nn1oDfWjOWJ4lBTlpsYKIRQRGs1grnJSMpZPHbohiK8s5MVPCEQB4I+/UrQV2TgkM\nZw4Vx3qyKA==\n-----END CERTIFICATE-----"}}

#testcase: forwarders list-certificates
REQUEST URL:forwarders/v2beta1/certificates
REQUEST BODY:<nil>

#testcase: forwarders delete-certificate --slot 1
REQUEST URL:forwarders/v2beta1/certificates/1
REQUEST BODY:<nil>

#testcase: forwarders delete-certificates
REQUEST URL:forwarders/v2beta1/certificates
REQUEST BODY:<nil>

